// Jest Snapshot v1, https://goo.gl/fbAQLP

exports[`<Main /> should render the heading 1`] = `
<main
  class="styles__Wrapper-czREMl dNrujr"
>
  <img
    alt="Imagem de um átomo e React Avançado escrito ao lado."
    class="styles__Logo-hpIqnx hQjETQ"
    src="/img/logo.svg"
  />
  <h1
    class="styles__Title-fMTgIO fjrrRF"
  >
    React Avançado
  </h1>
  <h2
    class="styles__Description-htEhDc kiZXgT"
  >
    TypeScript, ReactJS, NextJS e Styled Components
  </h2>
  <img
    alt="Um desenvolvedor de frente para uma tela com código."
    class="styles__Illustration-fhoxhO hNVvPh"
    src="/img/hero-illustration.svg"
  />
</main>
`
